// Jest Snapshot v1, https://goo.gl/fbAQLP

exports[`Callback renders correctly 1`] = `
<div
  style={undefined}
>
  LOADING
</div>
`;
