// Jest Snapshot v1, https://goo.gl/fbAQLP

exports[`Home renders correctly 1`] = `
<div>
  Nothing to see here in RECIPE!
</div>
`;
