// Jest Snapshot v1, https://goo.gl/fbAQLP

exports[`Routes renders correctly 1`] = `<div />`;
